
config_hash        6eee075be5f9c559
corpus             420 examples over 60 datasets (252/84/84 split)
positives          648 of 42000 (1.54%); downstream 167 (0.40%)
split audit        clean=True gap_to_test=1485h
leakage audit      clean=True (420 window probes, 60 perturbation probes)

model                 PR-AUC    down    ROC    P@R     F1    Brier     ECE   MAE h  C-idx
discrete_hazard        0.857   0.201  0.969  0.766  0.761  0.00426  0.0027    20.9  0.803
temporal_gnn           0.844   0.335  0.977  0.847  0.833  0.00441  0.0025    21.5  0.807
cash_cover             0.719   0.014  0.931  0.669  0.778  0.00526  0.0019    15.6  0.832
hawkes_linear          0.709   0.126  0.935  0.726  0.701  0.00656  0.0023    33.9  0.727
shock_distance         0.703   0.078  0.973  0.742  0.776  0.00572  0.0024    26.5  0.689
hawkes_cascade         0.656   0.032  0.970  0.742  0.793  0.00581  0.0044    34.6  0.721
prevalence             0.015   0.005  0.500  0.008  0.029  0.01454  0.0006    32.2  0.644

dependency (unsupervised, pre-origin events only): theta MAE 0.098, rho 0.746, edge recall 0.997, lag MAE 37.8h
supervised upper bound (trains on hidden labels): theta MAE 0.150, rho 0.495

ablation no_graph             vs discrete_hazard
  is the network worth anything over per-merchant features?
  pr_auc -0.100  downstream -0.191  timing -0.6h

ablation true_structure       vs temporal_gnn [leaky upper bound]
  how much of the gap is dependency-estimation error?
  pr_auc +0.017  downstream -0.037  timing +0.7h

ablation shuffled_edges       vs temporal_gnn
  negative control: same degrees, destroyed topology
  pr_auc +0.009  downstream -0.054  timing +1.9h

ablation no_edges             vs temporal_gnn
  graph neural network, or just neural network?
  pr_auc +0.023  downstream -0.080  timing +1.0h

written to reports\phase3.json  (1249s)
